\BOOKMARK [1][-]{section.1}{\376\377\000W\000h\000a\000t\000\040\000w\000e\000\040\000a\000r\000e\000\040\000c\000o\000m\000p\000a\000r\000i\000n\000g\000\040\000a\000g\000a\000i\000n\000s\000t}{}% 1
\BOOKMARK [1][-]{section.2}{\376\377\000C\000a\000t\000e\000g\000o\000r\000y\000\040\0001\000:\000\040\000S\000t\000a\000t\000i\000s\000t\000i\000c\000a\000l\000\040\000t\000e\000s\000t\000i\000n\000g\000\040\000o\000f\000\040\000M\000C\000M\000C\000\040\000c\000o\000r\000r\000e\000c\000t\000n\000e\000s\000s}{}% 2
\BOOKMARK [2][-]{subsection.2.1}{\376\377\000G\000e\000w\000e\000k\000e\000\040\000\050\0002\0000\0000\0004\000\051\000\040\000j\000o\000i\000n\000t\000-\000d\000i\000s\000t\000r\000i\000b\000u\000t\000i\000o\000n\000\040\000t\000e\000s\000t}{section.2}% 3
\BOOKMARK [2][-]{subsection.2.2}{\376\377\000S\000i\000m\000u\000l\000a\000t\000i\000o\000n\000-\000B\000a\000s\000e\000d\000\040\000C\000a\000l\000i\000b\000r\000a\000t\000i\000o\000n\000\040\000\050\000S\000B\000C\000\051}{section.2}% 4
\BOOKMARK [2][-]{subsection.2.3}{\376\377\000M\000C\000U\000n\000i\000t\000\040\000/\000\040\000G\000a\000n\000d\000y\000\040\000\046\000\040\000S\000c\000o\000t\000t\000\040\000\050\0002\0000\0002\0000\000\051}{section.2}% 5
\BOOKMARK [2][-]{subsection.2.4}{\376\377\000W\000a\000l\000l\000e\000r\000b\000e\000r\000g\000e\000r\000\040\000\046\000\040\000G\000u\000l\000l\000\040\000\050\0002\0000\0001\0007\000\051\000:\000\040\000p\000h\000y\000s\000i\000c\000s\000-\000d\000o\000m\000a\000i\000n\000\040\000t\000e\000s\000t\000i\000n\000g}{section.2}% 6
\BOOKMARK [2][-]{subsection.2.5}{\376\377\000T\000j\000e\000l\000m\000e\000l\000a\000n\000d\000\040\000\046\000\040\000K\000v\000a\000l\000\370\000y\000\040\000\050\0002\0000\0002\0005\000\051\000:\000\040\000c\000a\000t\000c\000h\000i\000n\000g\000\040\000b\000u\000g\000s\000\040\000i\000n\000\040\000p\000u\000b\000l\000i\000s\000h\000e\000d\000\040\000s\000a\000m\000p\000l\000e\000r\000s}{section.2}% 7
\BOOKMARK [2][-]{subsection.2.6}{\376\377\000P\000h\000y\000s\000i\000c\000a\000l\000\137\000v\000a\000l\000i\000d\000a\000t\000i\000o\000n\000\040\000\050\000S\000h\000i\000r\000t\000s\000\040\000e\000t\000\040\000a\000l\000.\000\051}{section.2}% 8
\BOOKMARK [1][-]{section.3}{\376\377\000C\000a\000t\000e\000g\000o\000r\000y\000\040\0002\000:\000\040\000P\000r\000o\000b\000a\000b\000i\000l\000i\000s\000t\000i\000c\000\040\000p\000r\000o\000g\000r\000a\000m\000m\000i\000n\000g\000\040\000w\000i\000t\000h\000\040\000c\000o\000r\000r\000e\000c\000t\000n\000e\000s\000s\000\040\000g\000u\000a\000r\000a\000n\000t\000e\000e\000s}{}% 9
\BOOKMARK [2][-]{subsection.3.1}{\376\377\000H\000a\000k\000a\000r\000u\000\040\000\050\000N\000a\000r\000a\000y\000a\000n\000a\000n\000\040\000e\000t\000\040\000a\000l\000.\000\040\0002\0000\0001\0006\000\051}{section.3}% 10
\BOOKMARK [2][-]{subsection.3.2}{\376\377\000G\000e\000n\000.\000j\000l\000\040\000\050\000C\000u\000s\000u\000m\000a\000n\000o\000-\000T\000o\000w\000n\000e\000r\000\040\000e\000t\000\040\000a\000l\000.\000\051}{section.3}% 11
\BOOKMARK [2][-]{subsection.3.3}{\376\377\000P\000S\000I\000\040\000S\000o\000l\000v\000e\000r\000\040\000\050\000G\000e\000h\000r\000\040\000e\000t\000\040\000a\000l\000.\000,\000\040\000E\000T\000H\000\040\000Z\000u\000r\000i\000c\000h\000\051}{section.3}% 12
\BOOKMARK [1][-]{section.4}{\376\377\000C\000a\000t\000e\000g\000o\000r\000y\000\040\0003\000:\000\040\000M\000o\000d\000e\000l\000\040\000c\000h\000e\000c\000k\000i\000n\000g}{}% 13
\BOOKMARK [2][-]{subsection.4.1}{\376\377\000P\000R\000I\000S\000M\000\040\000a\000n\000d\000\040\000S\000t\000o\000r\000m}{section.4}% 14
\BOOKMARK [1][-]{section.5}{\376\377\000C\000a\000t\000e\000g\000o\000r\000y\000\040\0004\000:\000\040\000F\000o\000r\000m\000a\000l\000\040\000v\000e\000r\000i\000f\000i\000c\000a\000t\000i\000o\000n\000\040\000\050\000t\000h\000e\000o\000r\000e\000m\000\040\000p\000r\000o\000v\000e\000r\000s\000\051}{}% 15
\BOOKMARK [2][-]{subsection.5.1}{\376\377\000I\000s\000a\000b\000e\000l\000l\000e\000/\000H\000O\000L\000\040\000a\000n\000d\000\040\000L\000e\000a\000n\000/\000M\000a\000t\000h\000l\000i\000b}{section.5}% 16
\BOOKMARK [1][-]{section.6}{\376\377\000C\000a\000t\000e\000g\000o\000r\000y\000\040\0005\000:\000\040\000I\000n\000v\000o\000l\000u\000t\000i\000v\000e\000\040\000M\000C\000M\000C\000\040\000a\000n\000d\000\040\000s\000t\000r\000u\000c\000t\000u\000r\000a\000l\000\040\000g\000u\000a\000r\000a\000n\000t\000e\000e\000s}{}% 17
\BOOKMARK [1][-]{section.7}{\376\377\000C\000a\000t\000e\000g\000o\000r\000y\000\040\0006\000:\000\040\000B\000a\000l\000a\000n\000c\000e\000\040\000C\000o\000n\000d\000i\000t\000i\000o\000n\000\040\000L\000i\000b\000r\000a\000r\000y\000\040\000a\000n\000d\000\040\000r\000e\000l\000a\000t\000e\000d\000\040\000s\000o\000f\000t\000w\000a\000r\000e}{}% 18
\BOOKMARK [2][-]{subsection.7.1}{\376\377\000B\000C\000L\000\040\040\024\000\040\000B\000a\000l\000a\000n\000c\000e\000\040\000C\000o\000n\000d\000i\000t\000i\000o\000n\000\040\000L\000i\000b\000r\000a\000r\000y\000\040\000\050\000C\000M\000S\000I\000,\000\040\000U\000n\000i\000v\000e\000r\000s\000i\000t\000y\000\040\000o\000f\000\040\000T\000o\000k\000y\000o\000\051}{section.7}% 19
\BOOKMARK [2][-]{subsection.7.2}{\376\377\000M\000C\000M\000C\000D\000e\000b\000u\000g\000g\000i\000n\000g\000.\000j\000l}{section.7}% 20
\BOOKMARK [1][-]{section.8}{\376\377\000T\000h\000e\000\040\000s\000t\000r\000u\000c\000t\000u\000r\000a\000l\000\040\000g\000a\000p\000:\000\040\000n\000o\000\040\000s\000y\000m\000b\000o\000l\000i\000c\000\040\000D\000B\000\040\000c\000h\000e\000c\000k\000e\000r\000\040\000e\000x\000i\000s\000t\000s\000\040\000f\000o\000r\000\040\000p\000h\000y\000s\000i\000c\000s\000\040\000M\000C}{}% 21
\BOOKMARK [1][-]{section.9}{\376\377\000C\000r\000i\000t\000i\000c\000a\000l\000\040\000a\000s\000s\000e\000s\000s\000m\000e\000n\000t\000:\000\040\000w\000h\000e\000r\000e\000\040\000D\000e\000t\000a\000i\000l\000e\000d\000B\000a\000l\000a\000n\000c\000e\000C\000h\000e\000c\000k\000e\000r\000\040\000w\000o\000u\000l\000d\000\040\000s\000t\000r\000u\000g\000g\000l\000e}{}% 22
\BOOKMARK [2][-]{subsection.9.1}{\376\377\000T\000h\000e\000\040\000M\000a\000t\000h\000e\000m\000a\000t\000i\000c\000a\000\040\000d\000e\000p\000e\000n\000d\000e\000n\000c\000y\000\040\000i\000s\000\040\000a\000\040\000s\000e\000r\000i\000o\000u\000s\000\040\000b\000a\000r\000r\000i\000e\000r}{section.9}% 23
\BOOKMARK [2][-]{subsection.9.2}{\376\377\000T\000h\000e\000\040\000s\000t\000a\000t\000e\000\040\000s\000p\000a\000c\000e\000\040\000l\000i\000m\000i\000t\000a\000t\000i\000o\000n\000\040\000i\000s\000\040\000a\000\040\000r\000e\000a\000l\000\040\000c\000o\000n\000s\000t\000r\000a\000i\000n\000t\000,\000\040\000n\000o\000t\000\040\000j\000u\000s\000t\000\040\000a\000\040\000c\000a\000v\000e\000a\000t}{section.9}% 24
\BOOKMARK [2][-]{subsection.9.3}{\376\377\000T\000h\000e\000\040\000t\000a\000r\000g\000e\000t\000\040\000c\000o\000m\000m\000u\000n\000i\000t\000y\000\040\000h\000a\000s\000\040\000a\000l\000m\000o\000s\000t\000\040\000n\000o\000\040\000v\000e\000r\000i\000f\000i\000c\000a\000t\000i\000o\000n\000\040\000c\000u\000l\000t\000u\000r\000e}{section.9}% 25
\BOOKMARK [2][-]{subsection.9.4}{\376\377\000T\000h\000e\000\040\000r\000i\000g\000h\000t\000w\000a\000r\000d\000-\000c\000l\000u\000s\000t\000e\000r\000\040\000e\000x\000a\000m\000p\000l\000e\000\040\000m\000a\000y\000\040\000b\000e\000\040\000t\000h\000e\000\040\000o\000n\000l\000y\000\040\000t\000r\000u\000l\000y\000\040\000c\000o\000m\000p\000e\000l\000l\000i\000n\000g\000\040\000c\000a\000s\000e}{section.9}% 26
\BOOKMARK [2][-]{subsection.9.5}{\376\377\000T\000h\000e\000\040\000M\000a\000t\000h\000e\000m\000a\000t\000i\000c\000a\000\040\000t\000r\000u\000s\000t\000\040\000m\000o\000d\000e\000l\000\040\000c\000r\000e\000a\000t\000e\000s\000\040\000a\000\040\000m\000e\000t\000a\000-\000l\000e\000v\000e\000l\000\040\000q\000u\000e\000s\000t\000i\000o\000n}{section.9}% 27
\BOOKMARK [2][-]{subsection.9.6}{\376\377\000J\000C\000T\000C\000\040\000r\000e\000v\000i\000e\000w\000e\000r\000s\000\040\000w\000i\000l\000l\000\040\000c\000o\000m\000p\000a\000r\000e\000\040\000a\000g\000a\000i\000n\000s\000t\000\040\000i\000n\000v\000o\000l\000u\000t\000i\000v\000e\000\040\000M\000C\000M\000C}{section.9}% 28
\BOOKMARK [2][-]{subsection.9.7}{\376\377\000T\000h\000e\000\040\000B\000F\000S\000\040\000c\000o\000s\000t\000\040\000l\000i\000m\000i\000t\000s\000\040\000t\000h\000e\000\040\000c\000o\000m\000p\000l\000e\000x\000i\000t\000y\000\040\000o\000f\000\040\000t\000e\000s\000t\000a\000b\000l\000e\000\040\000a\000l\000g\000o\000r\000i\000t\000h\000m\000s}{section.9}% 29
\BOOKMARK [2][-]{subsection.9.8}{\376\377\000L\000L\000M\000\040\000l\000o\000o\000p\000\040\000s\000e\000c\000t\000i\000o\000n\000\040\000i\000s\000\040\000p\000r\000o\000s\000p\000e\000c\000t\000i\000v\000e\000,\000\040\000a\000n\000d\000\040\000t\000h\000i\000s\000\040\000w\000e\000a\000k\000e\000n\000s\000\040\000t\000h\000e\000\040\000p\000a\000p\000e\000r}{section.9}% 30
\BOOKMARK [1][-]{section.10}{\376\377\000W\000h\000e\000r\000e\000\040\000D\000e\000t\000a\000i\000l\000e\000d\000B\000a\000l\000a\000n\000c\000e\000C\000h\000e\000c\000k\000e\000r\000\040\000w\000o\000u\000l\000d\000\040\000r\000e\000c\000e\000i\000v\000e\000\040\000g\000e\000n\000u\000i\000n\000e\000\040\000a\000d\000o\000p\000t\000i\000o\000n}{}% 31
\BOOKMARK [1][-]{section.11}{\376\377\000W\000h\000a\000t\000\040\000w\000o\000u\000l\000d\000\040\000m\000a\000k\000e\000\040\000t\000h\000e\000\040\000p\000a\000p\000e\000r\000\040\000s\000i\000g\000n\000i\000f\000i\000c\000a\000n\000t\000l\000y\000\040\000s\000t\000r\000o\000n\000g\000e\000r}{}% 32
\BOOKMARK [1][-]{section.12}{\376\377\000S\000u\000m\000m\000a\000r\000y\000\040\000v\000e\000r\000d\000i\000c\000t}{}% 33
